// Jest Snapshot v1, https://goo.gl/fbAQLP

exports[`Component testing for <CreateImageCell/> <CreateImageCell/> snapshot 1`] = `
<img
  className="sc-AxjAm jLqTMr"
/>
`;
